pytest : Error processing l
ine 7 of C:\Users\Ali\AppDa
ta\Local\Programs\Python\Py
thon313\Lib\site-packages\p
ywin32.pth:
At line:1 char:1
+ pytest tests/test_phase3_
architecture.py -v --tb=lon
g 2>&1 | Out-File ...
+ ~~~~~~~~~~~~~~~~~~~~~~~~~
~~~~~~~~~~~~~~~~~~~~~~~~~~~
~~~~~~
    + CategoryInfo         
     : NotSpecified: (Err  
  or processin...es\pywi   
 n32.pth::String) [], R    
emoteException
    + FullyQualifiedErrorI 
   d : NativeCommandError
 

  Traceback (most recent ca
ll last):
    File "<frozen site>", l
ine 207, in addpackage
    File "<string>", line 1
, in <module>
  ModuleNotFoundError: No m
odule named 'pywin32_bootst
rap'

Remainder of file ignored
============================= test session starts =============================
platform win32 -- Python 3.13.13, pytest-9.0.3, pluggy-1.6.0 -- C:\Users\Ali\AppData\Local\Programs\Python\Python313\python.exe
cachedir: .pytest_cache
rootdir: C:\Users\Ali\OneDrive\Masaⁿstⁿ\bist_bot
configfile: pyproject.toml
plugins: cov-7.1.0
collecting ... collected 23 items

tests/test_phase3_architecture.py::test_base_strategy_cannot_be_instantiated_directly PASSED [  4%]
tests/test_phase3_architecture.py::test_concrete_strategy_name PASSED    [  8%]
tests/test_phase3_architecture.py::test_concrete_strategy_analyze_returns_signal PASSED [ 13%]
tests/test_phase3_architecture.py::test_no_signal_strategy_returns_none PASSED [ 17%]
tests/test_phase3_architecture.py::test_register_strategy_adds_to_registry PASSED [ 21%]
tests/test_phase3_architecture.py::test_register_multiple_strategies PASSED [ 26%]
tests/test_phase3_architecture.py::test_unregister_strategy_removes_by_name PASSED [ 30%]
tests/test_phase3_architecture.py::test_unregister_nonexistent_strategy_returns_false PASSED [ 34%]
tests/test_phase3_architecture.py::test_scan_with_plugins_no_plugins_falls_back_to_empty PASSED [ 39%]
tests/test_phase3_architecture.py::test_scan_with_plugins_merges_and_deduplicates PASSED [ 43%]
tests/test_phase3_architecture.py::test_market_candle_valid PASSED       [ 47%]
tests/test_phase3_architecture.py::test_market_candle_negative_price_rejected PASSED [ 52%]
tests/test_phase3_architecture.py::test_validate_dataframe_valid_input PASSED [ 56%]
tests/test_phase3_architecture.py::test_validate_dataframe_none_returns_none PASSED [ 60%]
tests/test_phase3_architecture.py::test_validate_dataframe_fast_path PASSED [ 65%]
tests/test_phase3_architecture.py::test_validate_dataframe_strips_nan_rows PASSED [ 69%]
tests/test_phase3_architecture.py::test_risk_profile_defaults PASSED     [ 73%]
tests/test_phase3_architecture.py::test_risk_profile_loader_default_file FAILED [ 78%]
tests/test_phase3_architecture.py::test_risk_profile_loader_custom_yaml PASSED [ 82%]
tests/test_phase3_architecture.py::test_risk_profile_loader_custom_json PASSED [ 86%]
tests/test_phase3_architecture.py::test_risk_profile_loader_missing_file_uses_defaults PASSED [ 91%]
tests/test_phase3_architecture.py::test_risk_profile_loader_invalid_format PASSED [ 95%]
tests/test_phase3_architecture.py::test_risk_profile_constraint_violation PASSED [100%]

================================== FAILURES ===================================
____________________ test_risk_profile_loader_default_file ____________________

    def test_risk_profile_loader_default_file():
        """Loader should succeed using the bundled default_risk_profile.yaml."""
        loader = RiskProfileLoader()
>       profile = loader.load()
                  ^^^^^^^^^^^^^

tests\test_phase3_architecture.py:236: 
_ _ _ _ _ _ _ _ _ _ _ _ _ _ _ _ _ _ _ _ _ _ _ _ _ _ _ _ _ _ _ _ _ _ _ _ _ _ _ _

self = <bist_bot.risk.profile.RiskProfileLoader object at 0x0000019120D0A660>
path = None

    def load(self, path: Path | str | None = None) -> RiskProfile:
        """Load and validate a risk profile from disk.
    
        Args:
            path: Optional override path to a YAML or JSON file.
    
        Returns:
            Validated ``RiskProfile`` instance.
        """
        import os
    
        target = (
            Path(path)
            if path
            else Path(os.environ.get("RISK_PROFILE_PATH", "")) or self._default_path
        )
    
        if not target.exists():
            logger.warning(
                "risk_profile_not_found",
                path=str(target),
                fallback="using_defaults",
            )
            return RiskProfile()
    
>       raw = self._read_file(target)
              ^^^^^^^^^^^^^^^^^^^^^^^

src\bist_bot\risk\profile.py:91: 
_ _ _ _ _ _ _ _ _ _ _ _ _ _ _ _ _ _ _ _ _ _ _ _ _ _ _ _ _ _ _ _ _ _ _ _ _ _ _ _

path = WindowsPath('.')

    @staticmethod
    def _read_file(path: Path) -> dict[str, Any]:
        suffix = path.suffix.lower()
>       text = path.read_text(encoding="utf-8")
               ^^^^^^^^^^^^^^^^^^^^^^^^^^^^^^^^

src\bist_bot\risk\profile.py:103: 
_ _ _ _ _ _ _ _ _ _ _ _ _ _ _ _ _ _ _ _ _ _ _ _ _ _ _ _ _ _ _ _ _ _ _ _ _ _ _ _

self = WindowsPath('.'), encoding = 'utf-8', errors = None, newline = None

    def read_text(self, encoding=None, errors=None, newline=None):
        """
        Open the file in text mode, read it, and close the file.
        """
        # Call io.text_encoding() here to ensure any warning is raised at an
        # appropriate stack level.
        encoding = io.text_encoding(encoding)
>       return PathBase.read_text(self, encoding, errors, newline)
               ^^^^^^^^^^^^^^^^^^^^^^^^^^^^^^^^^^^^^^^^^^^^^^^^^^^

..\..\..\AppData\Local\Programs\Python\Python313\Lib\pathlib\_local.py:546: 
_ _ _ _ _ _ _ _ _ _ _ _ _ _ _ _ _ _ _ _ _ _ _ _ _ _ _ _ _ _ _ _ _ _ _ _ _ _ _ _

self = WindowsPath('.'), encoding = 'utf-8', errors = None, newline = None

    def read_text(self, encoding=None, errors=None, newline=None):
        """
        Open the file in text mode, read it, and close the file.
        """
>       with self.open(mode='r', encoding=encoding, errors=errors, newline=newline) as f:
             ^^^^^^^^^^^^^^^^^^^^^^^^^^^^^^^^^^^^^^^^^^^^^^^^^^^^^^^^^^^^^^^^^^^^^^

..\..\..\AppData\Local\Programs\Python\Python313\Lib\pathlib\_abc.py:632: 
_ _ _ _ _ _ _ _ _ _ _ _ _ _ _ _ _ _ _ _ _ _ _ _ _ _ _ _ _ _ _ _ _ _ _ _ _ _ _ _

self = WindowsPath('.'), mode = 'r', buffering = -1, encoding = 'utf-8'
errors = None, newline = None

    def open(self, mode='r', buffering=-1, encoding=None,
             errors=None, newline=None):
        """
        Open the file pointed to by this path and return a file object, as
        the built-in open() function does.
        """
        if "b" not in mode:
            encoding = io.text_encoding(encoding)
>       return io.open(self, mode, buffering, encoding, errors, newline)
               ^^^^^^^^^^^^^^^^^^^^^^^^^^^^^^^^^^^^^^^^^^^^^^^^^^^^^^^^^
E       PermissionError: [Errno 13] Permission denied: '.'

..\..\..\AppData\Local\Programs\Python\Python313\Lib\pathlib\_local.py:537: PermissionError
=========================== short test summary info ===========================
FAILED tests/test_phase3_architecture.py::test_risk_profile_loader_default_file
======================== 1 failed, 22 passed in 1.71s =========================
